2026-08-07 21:25:59,116 - core.detector - INFO - Loading model: runs/detect/exp1/weights/best_openvino_model/best.xml
2026-08-07 21:25:59,158 - core.detector - ERROR - Failed to load model from runs/detect/exp1/weights/best_openvino_model/best.xml
Traceback (most recent call last):
  File "E:\road_detection_app\core\detector.py", line 27, in load_model
    self._model = self._ie.read_model(model_path)
  File "E:\road_detection_app\openvino_env\lib\site-packages\openvino\runtime\ie_api.py", line 502, in read_model
    return Model(super().read_model(model))
RuntimeError: Exception from src\inference\src\cpp\core.cpp:90:
Check 'util::directory_exists(path) || util::file_exists(path)' failed at src\frontends\common\src\frontend.cpp:117:
FrontEnd API failed with GeneralFailure:
ir: Could not open the file: "runs/detect/exp1/weights/best_openvino_model/best.xml"


2026-08-07 21:26:01,246 - config.settings - ERROR - 模型加载: 默认模型加载失败
2026-08-07 21:28:01,355 - __main__ - INFO - Loading model from runs/detect/exp1/weights/best_openvino_model/best.xml
2026-08-07 21:28:01,365 - __main__ - ERROR - Model loading error: Exception from src\inference\src\cpp\core.cpp:90:
Check 'util::directory_exists(path) || util::file_exists(path)' failed at src\frontends\common\src\frontend.cpp:117:
FrontEnd API failed with GeneralFailure:
ir: Could not open the file: "runs/detect/exp1/weights/best_openvino_model/best.xml"


2026-08-07 21:31:18,534 - core.detector - INFO - Loading model from runs/detect/exp1/weights/best_openvino_model/best.xml
2026-08-07 21:31:18,536 - core.detector - ERROR - Model loading error: Exception from src\inference\src\cpp\core.cpp:90:
Check 'util::directory_exists(path) || util::file_exists(path)' failed at src\frontends\common\src\frontend.cpp:117:
FrontEnd API failed with GeneralFailure:
ir: Could not open the file: "runs/detect/exp1/weights/best_openvino_model/best.xml"


2026-08-09 11:30:16,849 - core.detector - INFO - Loading model from runs/detect/exp1/weights/best_openvino_model/best.xml
2026-08-09 11:30:16,883 - core.detector - ERROR - Model loading error: Exception from src\inference\src\cpp\core.cpp:90:
Check 'util::directory_exists(path) || util::file_exists(path)' failed at src\frontends\common\src\frontend.cpp:117:
FrontEnd API failed with GeneralFailure:
ir: Could not open the file: "runs/detect/exp1/weights/best_openvino_model/best.xml"


2026-08-09 11:31:37,011 - core.detector - INFO - Loading model from E:/yolov8/runs/detect/exp1/weights/best_openvino_model/best.xml
2026-08-09 11:31:37,346 - core.detector - INFO - Model loaded successfully
2026-08-09 11:31:39,275 - config.settings - INFO - 成功: 模型加载成功：best.xml
2026-08-09 11:31:54,062 - core.inference_worker - INFO - Starting inference processing...
2026-08-09 11:31:54,089 - core.inference_worker - INFO - Inference completed successfully
2026-08-09 11:31:54,156 - core.inference_worker - INFO - Starting inference processing...
2026-08-09 11:31:54,184 - core.inference_worker - INFO - Inference completed successfully
2026-08-09 11:31:54,349 - core.inference_worker - INFO - Starting inference processing...
2026-08-09 11:31:54,389 - core.inference_worker - INFO - Inference completed successfully
2026-08-09 11:31:54,390 - core.inference_worker - INFO - Starting inference processing...
2026-08-09 11:31:54,428 - core.inference_worker - INFO - Inference completed successfully
2026-08-09 11:31:54,460 - core.inference_worker - INFO - Starting inference processing...
2026-08-09 11:31:54,498 - core.inference_worker - INFO - Inference completed successfully
2026-08-09 11:31:54,556 - core.inference_worker - INFO - Starting inference processing...
2026-08-09 11:31:54,594 - core.inference_worker - INFO - Inference completed successfully
2026-08-09 11:31:54,745 - core.inference_worker - INFO - Starting inference processing...
2026-08-09 11:31:54,784 - core.inference_worker - INFO - Inference completed successfully
2026-08-09 11:31:54,785 - core.inference_worker - INFO - Starting inference processing...
2026-08-09 11:31:54,822 - core.inference_worker - INFO - Inference completed successfully
2026-08-09 11:31:54,863 - core.inference_worker - INFO - Starting inference processing...
2026-08-09 11:31:54,906 - core.inference_worker - INFO - Inference completed successfully
2026-08-09 11:31:54,955 - core.inference_worker - INFO - Starting inference processing...
2026-08-09 11:31:54,994 - core.inference_worker - INFO - Inference completed successfully
2026-08-09 11:31:55,051 - core.inference_worker - INFO - Starting inference processing...
2026-08-09 11:31:55,093 - core.inference_worker - INFO - Inference completed successfully
2026-08-09 11:31:55,147 - core.inference_worker - INFO - Starting inference processing...
2026-08-09 11:31:55,179 - core.inference_worker - INFO - Inference completed successfully
2026-08-09 11:31:55,259 - core.inference_worker - INFO - Starting inference processing...
2026-08-09 11:31:55,301 - core.inference_worker - INFO - Inference completed successfully
2026-08-09 11:31:55,354 - core.inference_worker - INFO - Starting inference processing...
2026-08-09 11:31:55,395 - core.inference_worker - INFO - Inference completed successfully
2026-08-09 11:31:55,452 - core.inference_worker - INFO - Starting inference processing...
2026-08-09 11:31:55,490 - core.inference_worker - INFO - Inference completed successfully
2026-08-09 11:31:55,547 - core.inference_worker - INFO - Starting inference processing...
2026-08-09 11:31:55,591 - core.inference_worker - INFO - Inference completed successfully
2026-08-09 11:31:55,660 - core.inference_worker - INFO - Starting inference processing...
2026-08-09 11:31:55,699 - core.inference_worker - INFO - Inference completed successfully
2026-08-09 11:31:55,754 - core.inference_worker - INFO - Starting inference processing...
2026-08-09 11:31:55,797 - core.inference_worker - INFO - Inference completed successfully
2026-08-09 11:31:55,850 - core.inference_worker - INFO - Starting inference processing...
2026-08-09 11:31:55,889 - core.inference_worker - INFO - Inference completed successfully
2026-08-09 11:31:55,947 - core.inference_worker - INFO - Starting inference processing...
2026-08-09 11:31:55,988 - core.inference_worker - INFO - Inference completed successfully
2026-08-09 11:31:56,059 - core.inference_worker - INFO - Starting inference processing...
2026-08-09 11:31:56,099 - core.inference_worker - INFO - Inference completed successfully
2026-08-09 11:31:56,154 - core.inference_worker - INFO - Starting inference processing...
2026-08-09 11:31:56,196 - core.inference_worker - INFO - Inference completed successfully
2026-08-09 11:31:56,252 - core.inference_worker - INFO - Starting inference processing...
2026-08-09 11:31:56,289 - core.inference_worker - INFO - Inference completed successfully
2026-08-09 11:31:56,347 - core.inference_worker - INFO - Starting inference processing...
2026-08-09 11:31:56,385 - core.inference_worker - INFO - Inference completed successfully
2026-08-09 11:31:56,459 - core.inference_worker - INFO - Starting inference processing...
2026-08-09 11:31:56,499 - core.inference_worker - INFO - Inference completed successfully
2026-08-09 11:31:56,555 - core.inference_worker - INFO - Starting inference processing...
2026-08-09 11:31:56,597 - core.inference_worker - INFO - Inference completed successfully
2026-08-09 11:31:56,651 - core.inference_worker - INFO - Starting inference processing...
2026-08-09 11:31:56,694 - core.inference_worker - INFO - Inference completed successfully
2026-08-09 11:31:56,748 - core.inference_worker - INFO - Starting inference processing...
2026-08-09 11:31:56,781 - core.inference_worker - INFO - Inference completed successfully
2026-08-09 11:31:56,860 - core.inference_worker - INFO - Starting inference processing...
2026-08-09 11:31:56,899 - core.inference_worker - INFO - Inference completed successfully
2026-08-09 11:31:56,956 - core.inference_worker - INFO - Starting inference processing...
2026-08-09 11:31:56,995 - core.inference_worker - INFO - Inference completed successfully
2026-08-09 11:31:57,052 - core.inference_worker - INFO - Starting inference processing...
2026-08-09 11:31:57,086 - core.inference_worker - INFO - Inference completed successfully
2026-08-09 11:31:57,147 - core.inference_worker - INFO - Starting inference processing...
2026-08-09 11:31:57,187 - core.inference_worker - INFO - Inference completed successfully
2026-08-09 11:31:57,260 - core.inference_worker - INFO - Starting inference processing...
2026-08-09 11:31:57,295 - core.inference_worker - INFO - Inference completed successfully
2026-08-09 11:31:57,355 - core.inference_worker - INFO - Starting inference processing...
2026-08-09 11:31:57,393 - core.inference_worker - INFO - Inference completed successfully
2026-08-09 11:31:57,451 - core.inference_worker - INFO - Starting inference processing...
2026-08-09 11:31:57,490 - core.inference_worker - INFO - Inference completed successfully
2026-08-09 11:31:57,548 - core.inference_worker - INFO - Starting inference processing...
2026-08-09 11:31:57,583 - core.inference_worker - INFO - Inference completed successfully
2026-08-09 11:31:57,664 - core.inference_worker - INFO - Starting inference processing...
2026-08-09 11:31:57,702 - core.inference_worker - INFO - Inference completed successfully
2026-08-09 11:31:57,755 - core.inference_worker - INFO - Starting inference processing...
2026-08-09 11:31:57,794 - core.inference_worker - INFO - Inference completed successfully
2026-08-09 11:31:57,945 - core.inference_worker - INFO - Starting inference processing...
2026-08-09 11:31:57,977 - core.inference_worker - INFO - Inference completed successfully
2026-08-09 11:31:57,979 - core.inference_worker - INFO - Starting inference processing...
2026-08-09 11:31:58,011 - core.inference_worker - INFO - Inference completed successfully
2026-08-09 11:31:58,061 - core.inference_worker - INFO - Starting inference processing...
2026-08-09 11:31:58,095 - core.inference_worker - INFO - Inference completed successfully
2026-08-09 11:31:58,156 - core.inference_worker - INFO - Starting inference processing...
2026-08-09 11:31:58,187 - core.inference_worker - INFO - Inference completed successfully
2026-08-09 11:31:58,251 - core.inference_worker - INFO - Starting inference processing...
2026-08-09 11:31:58,287 - core.inference_worker - INFO - Inference completed successfully
2026-08-09 11:31:58,347 - core.inference_worker - INFO - Starting inference processing...
2026-08-09 11:31:58,383 - core.inference_worker - INFO - Inference completed successfully
2026-08-09 11:31:58,459 - core.inference_worker - INFO - Starting inference processing...
2026-08-09 11:31:58,495 - core.inference_worker - INFO - Inference completed successfully
2026-08-09 11:31:58,555 - core.inference_worker - INFO - Starting inference processing...
2026-08-09 11:31:58,591 - core.inference_worker - INFO - Inference completed successfully
2026-08-09 11:31:58,652 - core.inference_worker - INFO - Starting inference processing...
2026-08-09 11:31:58,684 - core.inference_worker - INFO - Inference completed successfully
2026-08-09 11:31:58,747 - core.inference_worker - INFO - Starting inference processing...
2026-08-09 11:31:58,784 - core.inference_worker - INFO - Inference completed successfully
2026-08-09 11:31:58,860 - core.inference_worker - INFO - Starting inference processing...
2026-08-09 11:31:58,889 - core.inference_worker - INFO - Inference completed successfully
2026-08-09 11:31:59,049 - core.inference_worker - INFO - Starting inference processing...
2026-08-09 11:31:59,084 - core.inference_worker - INFO - Inference completed successfully
2026-08-09 11:31:59,145 - core.inference_worker - INFO - Starting inference processing...
2026-08-09 11:31:59,181 - core.inference_worker - INFO - Inference completed successfully
2026-08-09 11:31:59,183 - core.inference_worker - INFO - Starting inference processing...
2026-08-09 11:31:59,218 - core.inference_worker - INFO - Inference completed successfully
2026-08-09 11:31:59,259 - core.inference_worker - INFO - Starting inference processing...
2026-08-09 11:31:59,291 - core.inference_worker - INFO - Inference completed successfully
2026-08-09 11:31:59,355 - core.inference_worker - INFO - Starting inference processing...
2026-08-09 11:31:59,393 - core.inference_worker - INFO - Inference completed successfully
2026-08-09 11:31:59,452 - core.inference_worker - INFO - Starting inference processing...
2026-08-09 11:31:59,486 - core.inference_worker - INFO - Inference completed successfully
2026-08-09 11:31:59,547 - core.inference_worker - INFO - Starting inference processing...
2026-08-09 11:31:59,583 - core.inference_worker - INFO - Inference completed successfully
2026-08-09 11:31:59,659 - core.inference_worker - INFO - Starting inference processing...
2026-08-09 11:31:59,695 - core.inference_worker - INFO - Inference completed successfully
2026-08-09 11:31:59,847 - core.inference_worker - INFO - Starting inference processing...
2026-08-09 11:31:59,888 - core.inference_worker - INFO - Inference completed successfully
2026-08-09 11:31:59,946 - core.inference_worker - INFO - Starting inference processing...
2026-08-09 11:31:59,987 - core.inference_worker - INFO - Inference completed successfully
2026-08-09 11:31:59,988 - core.inference_worker - INFO - Starting inference processing...
2026-08-09 11:32:00,027 - core.inference_worker - INFO - Inference completed successfully
2026-08-09 11:32:00,059 - core.inference_worker - INFO - Starting inference processing...
2026-08-09 11:32:00,096 - core.inference_worker - INFO - Inference completed successfully
2026-08-09 11:32:00,249 - core.inference_worker - INFO - Starting inference processing...
2026-08-09 11:32:00,288 - core.inference_worker - INFO - Inference completed successfully
2026-08-09 11:32:00,344 - core.inference_worker - INFO - Starting inference processing...
2026-08-09 11:32:00,384 - core.inference_worker - INFO - Inference completed successfully
2026-08-09 11:32:00,386 - core.inference_worker - INFO - Starting inference processing...
2026-08-09 11:32:00,424 - core.inference_worker - INFO - Inference completed successfully
2026-08-09 11:32:00,461 - core.inference_worker - INFO - Starting inference processing...
2026-08-09 11:32:00,494 - core.inference_worker - INFO - Inference completed successfully
2026-08-09 11:32:00,555 - core.inference_worker - INFO - Starting inference processing...
2026-08-09 11:32:00,593 - core.inference_worker - INFO - Inference completed successfully
2026-08-09 11:32:00,651 - core.inference_worker - INFO - Starting inference processing...
2026-08-09 11:32:00,696 - core.inference_worker - INFO - Inference completed successfully
2026-08-09 11:32:00,841 - core.inference_worker - INFO - Starting inference processing...
2026-08-09 11:32:00,878 - core.inference_worker - INFO - Inference completed successfully
2026-08-09 11:32:00,952 - core.inference_worker - INFO - Starting inference processing...
2026-08-09 11:32:00,992 - core.inference_worker - INFO - Inference completed successfully
2026-08-09 11:32:00,993 - core.inference_worker - INFO - Starting inference processing...
2026-08-09 11:32:01,029 - core.inference_worker - INFO - Inference completed successfully
2026-08-09 11:32:01,052 - core.inference_worker - INFO - Starting inference processing...
2026-08-09 11:32:01,088 - core.inference_worker - INFO - Inference completed successfully
2026-08-09 11:32:01,147 - core.inference_worker - INFO - Starting inference processing...
2026-08-09 11:32:01,189 - core.inference_worker - INFO - Inference completed successfully
2026-08-09 11:32:01,353 - core.inference_worker - INFO - Starting inference processing...
2026-08-09 11:32:01,390 - core.inference_worker - INFO - Inference completed successfully
2026-08-09 11:32:01,391 - core.inference_worker - INFO - Starting inference processing...
2026-08-09 11:32:01,429 - core.inference_worker - INFO - Inference completed successfully
2026-08-09 11:32:01,452 - core.inference_worker - INFO - Starting inference processing...
2026-08-09 11:32:01,491 - core.inference_worker - INFO - Inference completed successfully
2026-08-09 11:32:01,548 - core.inference_worker - INFO - Starting inference processing...
2026-08-09 11:32:01,589 - core.inference_worker - INFO - Inference completed successfully
2026-08-09 11:32:01,642 - core.inference_worker - INFO - Starting inference processing...
2026-08-09 11:32:01,684 - core.inference_worker - INFO - Inference completed successfully
2026-08-09 11:32:01,755 - core.inference_worker - INFO - Starting inference processing...
2026-08-09 11:32:01,797 - core.inference_worker - INFO - Inference completed successfully
2026-08-09 11:32:01,852 - core.inference_worker - INFO - Starting inference processing...
2026-08-09 11:32:01,888 - core.inference_worker - INFO - Inference completed successfully
2026-08-09 11:32:01,947 - core.inference_worker - INFO - Starting inference processing...
2026-08-09 11:32:01,992 - core.inference_worker - INFO - Inference completed successfully
2026-08-09 11:32:02,045 - core.inference_worker - INFO - Starting inference processing...
2026-08-09 11:32:02,092 - core.inference_worker - INFO - Inference completed successfully
2026-08-09 11:32:02,155 - core.inference_worker - INFO - Starting inference processing...
2026-08-09 11:32:02,197 - core.inference_worker - INFO - Inference completed successfully
2026-08-09 11:32:02,251 - core.inference_worker - INFO - Starting inference processing...
2026-08-09 11:32:02,290 - core.inference_worker - INFO - Inference completed successfully
2026-08-09 11:32:02,348 - core.inference_worker - INFO - Starting inference processing...
2026-08-09 11:32:02,387 - core.inference_worker - INFO - Inference completed successfully
2026-08-09 11:32:02,443 - core.inference_worker - INFO - Starting inference processing...
2026-08-09 11:32:02,483 - core.inference_worker - INFO - Inference completed successfully
2026-08-09 11:32:02,554 - core.inference_worker - INFO - Starting inference processing...
2026-08-09 11:32:02,595 - core.inference_worker - INFO - Inference completed successfully
2026-08-09 11:32:02,652 - core.inference_worker - INFO - Starting inference processing...
2026-08-09 11:32:02,695 - core.inference_worker - INFO - Inference completed successfully
2026-08-09 11:32:02,746 - core.inference_worker - INFO - Starting inference processing...
2026-08-09 11:32:02,790 - core.inference_worker - INFO - Inference completed successfully
2026-08-09 11:32:02,953 - core.inference_worker - INFO - Starting inference processing...
2026-08-09 11:32:02,992 - core.inference_worker - INFO - Inference completed successfully
2026-08-09 11:32:02,993 - core.inference_worker - INFO - Starting inference processing...
2026-08-09 11:32:03,026 - core.inference_worker - INFO - Inference completed successfully
2026-08-09 11:32:03,054 - core.inference_worker - INFO - Starting inference processing...
2026-08-09 11:32:03,087 - core.inference_worker - INFO - Inference completed successfully
2026-08-09 11:32:03,147 - core.inference_worker - INFO - Starting inference processing...
2026-08-09 11:32:03,180 - core.inference_worker - INFO - Inference completed successfully
2026-08-09 11:32:03,243 - core.inference_worker - INFO - Starting inference processing...
2026-08-09 11:32:03,278 - core.inference_worker - INFO - Inference completed successfully
2026-08-09 11:32:03,356 - core.inference_worker - INFO - Starting inference processing...
2026-08-09 11:32:03,395 - core.inference_worker - INFO - Inference completed successfully
2026-08-09 11:32:03,452 - core.inference_worker - INFO - Starting inference processing...
2026-08-09 11:32:03,485 - core.inference_worker - INFO - Inference completed successfully
2026-08-09 11:32:03,547 - core.inference_worker - INFO - Starting inference processing...
2026-08-09 11:32:03,583 - core.inference_worker - INFO - Inference completed successfully
2026-08-09 11:32:03,643 - core.inference_worker - INFO - Starting inference processing...
2026-08-09 11:32:03,679 - core.inference_worker - INFO - Inference completed successfully
2026-08-09 11:32:03,754 - core.inference_worker - INFO - Starting inference processing...
2026-08-09 11:32:03,789 - core.inference_worker - INFO - Inference completed successfully
2026-08-09 11:32:03,851 - core.inference_worker - INFO - Starting inference processing...
2026-08-09 11:32:03,886 - core.inference_worker - INFO - Inference completed successfully
2026-08-09 11:32:03,948 - core.inference_worker - INFO - Starting inference processing...
2026-08-09 11:32:03,985 - core.inference_worker - INFO - Inference completed successfully
2026-08-09 11:32:04,044 - core.inference_worker - INFO - Starting inference processing...
2026-08-09 11:32:04,081 - core.inference_worker - INFO - Inference completed successfully
2026-08-09 11:32:04,155 - core.inference_worker - INFO - Starting inference processing...
2026-08-09 11:32:04,192 - core.inference_worker - INFO - Inference completed successfully
2026-08-09 11:32:04,252 - core.inference_worker - INFO - Starting inference processing...
2026-08-09 11:32:04,287 - core.inference_worker - INFO - Inference completed successfully
2026-08-09 11:32:04,347 - core.inference_worker - INFO - Starting inference processing...
2026-08-09 11:32:04,387 - core.inference_worker - INFO - Inference completed successfully
2026-08-09 11:32:04,444 - core.inference_worker - INFO - Starting inference processing...
2026-08-09 11:32:04,480 - core.inference_worker - INFO - Inference completed successfully
2026-08-09 11:32:04,648 - core.inference_worker - INFO - Starting inference processing...
2026-08-09 11:32:04,679 - core.inference_worker - INFO - Inference completed successfully
2026-08-09 11:32:04,746 - core.inference_worker - INFO - Starting inference processing...
2026-08-09 11:32:04,778 - core.inference_worker - INFO - Inference completed successfully
2026-08-09 11:32:04,781 - core.inference_worker - INFO - Starting inference processing...
2026-08-09 11:32:04,809 - core.inference_worker - INFO - Inference completed successfully
2026-08-09 11:32:04,843 - core.inference_worker - INFO - Starting inference processing...
2026-08-09 11:32:04,882 - core.inference_worker - INFO - Inference completed successfully
2026-08-09 11:32:04,954 - core.inference_worker - INFO - Starting inference processing...
2026-08-09 11:32:04,995 - core.inference_worker - INFO - Inference completed successfully
2026-08-09 11:32:05,052 - core.inference_worker - INFO - Starting inference processing...
2026-08-09 11:32:05,090 - core.inference_worker - INFO - Inference completed successfully
2026-08-09 11:32:05,147 - core.inference_worker - INFO - Starting inference processing...
2026-08-09 11:32:05,182 - core.inference_worker - INFO - Inference completed successfully
2026-08-09 11:32:05,245 - core.inference_worker - INFO - Starting inference processing...
2026-08-09 11:32:05,282 - core.inference_worker - INFO - Inference completed successfully
2026-08-09 11:32:05,355 - core.inference_worker - INFO - Starting inference processing...
2026-08-09 11:32:05,391 - core.inference_worker - INFO - Inference completed successfully
2026-08-09 11:32:05,547 - core.inference_worker - INFO - Starting inference processing...
2026-08-09 11:32:05,596 - core.inference_worker - INFO - Inference completed successfully
2026-08-09 11:32:05,640 - core.inference_worker - INFO - Starting inference processing...
2026-08-09 11:32:05,681 - core.inference_worker - INFO - Inference completed successfully
2026-08-09 11:32:05,683 - core.inference_worker - INFO - Starting inference processing...
2026-08-09 11:32:05,730 - core.inference_worker - INFO - Inference completed successfully
2026-08-09 11:32:05,756 - core.inference_worker - INFO - Starting inference processing...
2026-08-09 11:32:05,799 - core.inference_worker - INFO - Inference completed successfully
2026-08-09 11:32:05,852 - core.inference_worker - INFO - Starting inference processing...
2026-08-09 11:32:05,888 - core.inference_worker - INFO - Inference completed successfully
2026-08-09 11:32:05,947 - core.inference_worker - INFO - Starting inference processing...
2026-08-09 11:32:05,994 - core.inference_worker - INFO - Inference completed successfully
2026-08-09 11:32:06,152 - core.inference_worker - INFO - Starting inference processing...
2026-08-09 11:32:06,192 - core.inference_worker - INFO - Inference completed successfully
2026-08-09 11:32:06,194 - core.inference_worker - INFO - Starting inference processing...
2026-08-09 11:32:06,235 - core.inference_worker - INFO - Inference completed successfully
2026-08-09 11:32:06,252 - core.inference_worker - INFO - Starting inference processing...
2026-08-09 11:32:06,291 - core.inference_worker - INFO - Inference completed successfully
2026-08-09 11:32:06,349 - core.inference_worker - INFO - Starting inference processing...
2026-08-09 11:32:06,395 - core.inference_worker - INFO - Inference completed successfully
2026-08-09 11:32:06,442 - core.inference_worker - INFO - Starting inference processing...
2026-08-09 11:32:06,481 - core.inference_worker - INFO - Inference completed successfully
2026-08-09 11:32:06,555 - core.inference_worker - INFO - Starting inference processing...
2026-08-09 11:32:06,594 - core.inference_worker - INFO - Inference completed successfully
2026-08-09 11:32:06,652 - core.inference_worker - INFO - Starting inference processing...
2026-08-09 11:32:06,687 - core.inference_worker - INFO - Inference completed successfully
2026-08-09 11:32:06,746 - core.inference_worker - INFO - Starting inference processing...
2026-08-09 11:32:06,779 - core.inference_worker - INFO - Inference completed successfully
2026-08-09 11:32:06,952 - core.inference_worker - INFO - Starting inference processing...
2026-08-09 11:32:06,994 - core.inference_worker - INFO - Inference completed successfully
2026-08-09 11:32:06,996 - core.inference_worker - INFO - Starting inference processing...
2026-08-09 11:32:07,035 - core.inference_worker - INFO - Inference completed successfully
2026-08-09 11:32:07,053 - core.inference_worker - INFO - Starting inference processing...
2026-08-09 11:32:07,089 - core.inference_worker - INFO - Inference completed successfully
2026-08-09 11:32:07,148 - core.inference_worker - INFO - Starting inference processing...
2026-08-09 11:32:07,185 - core.inference_worker - INFO - Inference completed successfully
2026-08-09 11:32:07,242 - core.inference_worker - INFO - Starting inference processing...
2026-08-09 11:32:07,284 - core.inference_worker - INFO - Inference completed successfully
2026-08-09 11:32:07,355 - core.inference_worker - INFO - Starting inference processing...
2026-08-09 11:32:07,397 - core.inference_worker - INFO - Inference completed successfully
2026-08-09 11:32:07,452 - core.inference_worker - INFO - Starting inference processing...
2026-08-09 11:32:07,488 - core.inference_worker - INFO - Inference completed successfully
2026-08-09 11:32:07,547 - core.inference_worker - INFO - Starting inference processing...
2026-08-09 11:32:07,583 - core.inference_worker - INFO - Inference completed successfully
2026-08-09 11:32:07,643 - core.inference_worker - INFO - Starting inference processing...
2026-08-09 11:32:07,679 - core.inference_worker - INFO - Inference completed successfully
2026-08-09 11:32:07,754 - core.inference_worker - INFO - Starting inference processing...
2026-08-09 11:32:07,793 - core.inference_worker - INFO - Inference completed successfully
2026-08-09 11:32:07,851 - core.inference_worker - INFO - Starting inference processing...
2026-08-09 11:32:07,888 - core.inference_worker - INFO - Inference completed successfully
2026-08-09 11:32:08,040 - core.inference_worker - INFO - Starting inference processing...
2026-08-09 11:32:08,075 - core.inference_worker - INFO - Inference completed successfully
2026-08-09 11:32:08,153 - core.inference_worker - INFO - Starting inference processing...
2026-08-09 11:32:08,190 - core.inference_worker - INFO - Inference completed successfully
2026-08-09 11:32:08,192 - core.inference_worker - INFO - Starting inference processing...
2026-08-09 11:32:08,226 - core.inference_worker - INFO - Inference completed successfully
2026-08-09 11:32:08,254 - core.inference_worker - INFO - Starting inference processing...
2026-08-09 11:32:08,286 - core.inference_worker - INFO - Inference completed successfully
2026-08-09 11:32:08,346 - core.inference_worker - INFO - Starting inference processing...
2026-08-09 11:32:08,378 - core.inference_worker - INFO - Inference completed successfully
2026-08-09 11:32:08,443 - core.inference_worker - INFO - Starting inference processing...
2026-08-09 11:32:08,479 - core.inference_worker - INFO - Inference completed successfully
2026-08-09 11:32:08,556 - core.inference_worker - INFO - Starting inference processing...
2026-08-09 11:32:08,591 - core.inference_worker - INFO - Inference completed successfully
2026-08-09 11:32:08,652 - core.inference_worker - INFO - Starting inference processing...
2026-08-09 11:32:08,688 - core.inference_worker - INFO - Inference completed successfully
2026-08-09 11:32:08,748 - core.inference_worker - INFO - Starting inference processing...
2026-08-09 11:32:08,782 - core.inference_worker - INFO - Inference completed successfully
2026-08-09 11:32:08,843 - core.inference_worker - INFO - Starting inference processing...
2026-08-09 11:32:08,880 - core.inference_worker - INFO - Inference completed successfully
2026-08-09 11:32:08,955 - core.inference_worker - INFO - Starting inference processing...
2026-08-09 11:32:08,991 - core.inference_worker - INFO - Inference completed successfully
2026-08-09 11:32:09,053 - core.inference_worker - INFO - Starting inference processing...
2026-08-09 11:32:09,089 - core.inference_worker - INFO - Inference completed successfully
2026-08-09 11:32:09,147 - core.inference_worker - INFO - Starting inference processing...
2026-08-09 11:32:09,184 - core.inference_worker - INFO - Inference completed successfully
2026-08-09 11:32:09,245 - core.inference_worker - INFO - Starting inference processing...
2026-08-09 11:32:09,281 - core.inference_worker - INFO - Inference completed successfully
2026-08-09 11:32:09,353 - core.inference_worker - INFO - Starting inference processing...
2026-08-09 11:32:09,389 - core.inference_worker - INFO - Inference completed successfully
2026-08-09 11:32:09,548 - core.inference_worker - INFO - Starting inference processing...
2026-08-09 11:32:09,591 - core.inference_worker - INFO - Inference completed successfully
2026-08-09 11:32:09,641 - core.inference_worker - INFO - Starting inference processing...
2026-08-09 11:32:09,682 - core.inference_worker - INFO - Inference completed successfully
2026-08-09 11:32:09,684 - core.inference_worker - INFO - Starting inference processing...
2026-08-09 11:32:09,724 - core.inference_worker - INFO - Inference completed successfully
2026-08-09 11:32:09,755 - core.inference_worker - INFO - Starting inference processing...
2026-08-09 11:32:09,793 - core.inference_worker - INFO - Inference completed successfully
2026-08-09 11:32:09,852 - core.inference_worker - INFO - Starting inference processing...
2026-08-09 11:32:09,889 - core.inference_worker - INFO - Inference completed successfully
2026-08-09 11:32:10,043 - core.inference_worker - INFO - Starting inference processing...
2026-08-09 11:32:10,080 - core.inference_worker - INFO - Inference completed successfully
2026-08-09 11:32:10,152 - core.inference_worker - INFO - Starting inference processing...
2026-08-09 11:32:10,197 - core.inference_worker - INFO - Inference completed successfully
2026-08-09 11:32:10,199 - core.inference_worker - INFO - Starting inference processing...
2026-08-09 11:32:10,241 - core.inference_worker - INFO - Inference completed successfully
2026-08-09 11:32:10,252 - core.inference_worker - INFO - Starting inference processing...
2026-08-09 11:32:10,290 - core.inference_worker - INFO - Inference completed successfully
2026-08-09 11:32:10,348 - core.inference_worker - INFO - Starting inference processing...
2026-08-09 11:32:10,399 - core.inference_worker - INFO - Inference completed successfully
2026-08-09 11:32:10,443 - core.inference_worker - INFO - Starting inference processing...
2026-08-09 11:32:10,482 - core.inference_worker - INFO - Inference completed successfully
2026-08-09 11:32:10,553 - core.inference_worker - INFO - Starting inference processing...
2026-08-09 11:32:10,603 - core.inference_worker - INFO - Inference completed successfully
2026-08-09 11:32:10,652 - core.inference_worker - INFO - Starting inference processing...
2026-08-09 11:32:10,695 - core.inference_worker - INFO - Inference completed successfully
2026-08-09 11:32:10,746 - core.inference_worker - INFO - Starting inference processing...
2026-08-09 11:32:10,786 - core.inference_worker - INFO - Inference completed successfully
2026-08-09 11:32:10,846 - core.inference_worker - INFO - Starting inference processing...
2026-08-09 11:32:10,887 - core.inference_worker - INFO - Inference completed successfully
2026-08-09 11:32:10,955 - core.inference_worker - INFO - Starting inference processing...
2026-08-09 11:32:10,994 - core.inference_worker - INFO - Inference completed successfully
2026-08-09 11:32:11,051 - core.inference_worker - INFO - Starting inference processing...
2026-08-09 11:32:11,094 - core.inference_worker - INFO - Inference completed successfully
2026-08-09 11:32:11,148 - core.inference_worker - INFO - Starting inference processing...
2026-08-09 11:32:11,186 - core.inference_worker - INFO - Inference completed successfully
2026-08-09 11:32:11,243 - core.inference_worker - INFO - Starting inference processing...
2026-08-09 11:32:11,283 - core.inference_worker - INFO - Inference completed successfully
2026-08-09 11:32:11,355 - core.inference_worker - INFO - Starting inference processing...
2026-08-09 11:32:11,390 - core.inference_worker - INFO - Inference completed successfully
2026-08-09 11:32:11,454 - core.inference_worker - INFO - Starting inference processing...
2026-08-09 11:32:11,498 - core.inference_worker - INFO - Inference completed successfully
2026-08-09 11:32:11,546 - core.inference_worker - INFO - Starting inference processing...
2026-08-09 11:32:11,583 - core.inference_worker - INFO - Inference completed successfully
2026-08-09 11:32:11,644 - core.inference_worker - INFO - Starting inference processing...
2026-08-09 11:32:11,686 - core.inference_worker - INFO - Inference completed successfully
2026-08-09 11:32:11,754 - core.inference_worker - INFO - Starting inference processing...
2026-08-09 11:32:11,801 - core.inference_worker - INFO - Inference completed successfully
2026-08-09 11:32:11,851 - core.inference_worker - INFO - Starting inference processing...
2026-08-09 11:32:11,890 - core.inference_worker - INFO - Inference completed successfully
2026-08-09 11:32:12,040 - core.inference_worker - INFO - Starting inference processing...
2026-08-09 11:32:12,080 - core.inference_worker - INFO - Inference completed successfully
2026-08-09 11:32:12,082 - core.inference_worker - INFO - Starting inference processing...
2026-08-09 11:32:12,119 - core.inference_worker - INFO - Inference completed successfully
2026-08-09 11:32:12,155 - core.inference_worker - INFO - Starting inference processing...
2026-08-09 11:32:12,191 - core.inference_worker - INFO - Inference completed successfully
2026-08-09 11:32:12,252 - core.inference_worker - INFO - Starting inference processing...
2026-08-09 11:32:12,293 - core.inference_worker - INFO - Inference completed successfully
2026-08-09 11:32:12,346 - core.inference_worker - INFO - Starting inference processing...
2026-08-09 11:32:12,385 - core.inference_worker - INFO - Inference completed successfully
2026-08-09 11:32:12,552 - core.inference_worker - INFO - Starting inference processing...
2026-08-09 11:32:12,595 - core.inference_worker - INFO - Inference completed successfully
2026-08-09 11:32:12,648 - core.inference_worker - INFO - Starting inference processing...
2026-08-09 11:32:12,687 - core.inference_worker - INFO - Inference completed successfully
2026-08-09 11:32:12,689 - core.inference_worker - INFO - Starting inference processing...
2026-08-09 11:32:12,726 - core.inference_worker - INFO - Inference completed successfully
2026-08-09 11:32:12,748 - core.inference_worker - INFO - Starting inference processing...
2026-08-09 11:32:12,784 - core.inference_worker - INFO - Inference completed successfully
2026-08-09 11:32:12,842 - core.inference_worker - INFO - Starting inference processing...
2026-08-09 11:32:12,884 - core.inference_worker - INFO - Inference completed successfully
2026-08-09 11:32:12,954 - core.inference_worker - INFO - Starting inference processing...
2026-08-09 11:32:12,998 - core.inference_worker - INFO - Inference completed successfully
2026-08-09 11:32:13,053 - core.inference_worker - INFO - Starting inference processing...
2026-08-09 11:32:13,101 - core.inference_worker - INFO - Inference completed successfully
2026-08-09 11:32:13,147 - core.inference_worker - INFO - Starting inference processing...
2026-08-09 11:32:13,190 - core.inference_worker - INFO - Inference completed successfully
2026-08-09 11:32:13,244 - core.inference_worker - INFO - Starting inference processing...
2026-08-09 11:32:13,280 - core.inference_worker - INFO - Inference completed successfully
2026-08-09 11:32:13,355 - core.inference_worker - INFO - Starting inference processing...
2026-08-09 11:32:13,393 - core.inference_worker - INFO - Inference completed successfully
2026-08-09 11:32:13,451 - core.inference_worker - INFO - Starting inference processing...
2026-08-09 11:32:13,491 - core.inference_worker - INFO - Inference completed successfully
2026-08-09 11:32:13,550 - core.inference_worker - INFO - Starting inference processing...
2026-08-09 11:32:13,588 - core.inference_worker - INFO - Inference completed successfully
2026-08-09 11:32:13,644 - core.inference_worker - INFO - Starting inference processing...
2026-08-09 11:32:13,685 - core.inference_worker - INFO - Inference completed successfully
2026-08-09 11:32:13,756 - core.inference_worker - INFO - Starting inference processing...
2026-08-09 11:32:13,795 - core.inference_worker - INFO - Inference completed successfully
2026-08-09 11:32:13,852 - core.inference_worker - INFO - Starting inference processing...
2026-08-09 11:32:13,889 - core.inference_worker - INFO - Inference completed successfully
2026-08-09 11:32:13,947 - core.inference_worker - INFO - Starting inference processing...
2026-08-09 11:32:13,991 - core.inference_worker - INFO - Inference completed successfully
2026-08-09 11:32:14,044 - core.inference_worker - INFO - Starting inference processing...
2026-08-09 11:32:14,078 - core.inference_worker - INFO - Inference completed successfully
2026-08-09 11:32:14,155 - core.inference_worker - INFO - Starting inference processing...
2026-08-09 11:32:14,196 - core.inference_worker - INFO - Inference completed successfully
2026-08-09 11:32:14,251 - core.inference_worker - INFO - Starting inference processing...
2026-08-09 11:32:14,297 - core.inference_worker - INFO - Inference completed successfully
2026-08-09 11:32:14,348 - core.inference_worker - INFO - Starting inference processing...
2026-08-09 11:32:14,384 - core.inference_worker - INFO - Inference completed successfully
2026-08-09 11:32:14,442 - core.inference_worker - INFO - Starting inference processing...
2026-08-09 11:32:14,481 - core.inference_worker - INFO - Inference completed successfully
2026-08-09 11:32:14,555 - core.inference_worker - INFO - Starting inference processing...
2026-08-09 11:32:14,595 - core.inference_worker - INFO - Inference completed successfully
2026-08-09 11:32:14,652 - core.inference_worker - INFO - Starting inference processing...
2026-08-09 11:32:14,696 - core.inference_worker - INFO - Inference completed successfully
2026-08-09 11:32:14,748 - core.inference_worker - INFO - Starting inference processing...
2026-08-09 11:32:14,789 - core.inference_worker - INFO - Inference completed successfully
2026-08-09 11:32:14,844 - core.inference_worker - INFO - Starting inference processing...
2026-08-09 11:32:14,885 - core.inference_worker - INFO - Inference completed successfully
2026-08-09 11:32:14,956 - core.inference_worker - INFO - Starting inference processing...
2026-08-09 11:32:14,994 - core.inference_worker - INFO - Inference completed successfully
2026-08-09 11:32:15,051 - core.inference_worker - INFO - Starting inference processing...
2026-08-09 11:32:15,091 - core.inference_worker - INFO - Inference completed successfully
2026-08-09 11:32:15,149 - core.inference_worker - INFO - Starting inference processing...
2026-08-09 11:32:15,189 - core.inference_worker - INFO - Inference completed successfully
2026-08-09 11:32:15,242 - core.inference_worker - INFO - Starting inference processing...
2026-08-09 11:32:15,281 - core.inference_worker - INFO - Inference completed successfully
2026-08-09 11:32:15,357 - core.inference_worker - INFO - Starting inference processing...
2026-08-09 11:32:15,397 - core.inference_worker - INFO - Inference completed successfully
2026-08-09 11:32:15,451 - core.inference_worker - INFO - Starting inference processing...
2026-08-09 11:32:15,496 - core.inference_worker - INFO - Inference completed successfully
2026-08-09 11:32:15,546 - core.inference_worker - INFO - Starting inference processing...
2026-08-09 11:32:15,590 - core.inference_worker - INFO - Inference completed successfully
2026-08-09 11:32:15,645 - core.inference_worker - INFO - Starting inference processing...
2026-08-09 11:32:15,684 - core.inference_worker - INFO - Inference completed successfully
2026-08-09 11:32:15,755 - core.inference_worker - INFO - Starting inference processing...
2026-08-09 11:32:15,794 - core.inference_worker - INFO - Inference completed successfully
2026-08-09 11:32:15,849 - core.inference_worker - INFO - Starting inference processing...
2026-08-09 11:32:15,890 - core.inference_worker - INFO - Inference completed successfully
2026-08-09 11:32:16,040 - core.inference_worker - INFO - Starting inference processing...
2026-08-09 11:32:16,078 - core.inference_worker - INFO - Inference completed successfully
2026-08-09 11:32:16,154 - core.inference_worker - INFO - Starting inference processing...
2026-08-09 11:32:16,191 - core.inference_worker - INFO - Inference completed successfully
2026-08-09 11:32:16,192 - core.inference_worker - INFO - Starting inference processing...
2026-08-09 11:32:16,232 - core.inference_worker - INFO - Inference completed successfully
2026-08-09 11:32:16,251 - core.inference_worker - INFO - Starting inference processing...
2026-08-09 11:32:16,290 - core.inference_worker - INFO - Inference completed successfully
2026-08-09 11:32:16,346 - core.inference_worker - INFO - Starting inference processing...
2026-08-09 11:32:16,391 - core.inference_worker - INFO - Inference completed successfully
2026-08-09 11:32:16,443 - core.inference_worker - INFO - Starting inference processing...
2026-08-09 11:32:16,478 - core.inference_worker - INFO - Inference completed successfully
2026-08-09 11:32:16,554 - core.inference_worker - INFO - Starting inference processing...
2026-08-09 11:32:16,598 - core.inference_worker - INFO - Inference completed successfully
2026-08-09 11:32:16,747 - core.inference_worker - INFO - Starting inference processing...
2026-08-09 11:32:16,789 - core.inference_worker - INFO - Inference completed successfully
2026-08-09 11:32:16,790 - core.inference_worker - INFO - Starting inference processing...
2026-08-09 11:32:16,829 - core.inference_worker - INFO - Inference completed successfully
2026-08-09 11:32:16,844 - core.inference_worker - INFO - Starting inference processing...
2026-08-09 11:32:16,878 - core.inference_worker - INFO - Inference completed successfully
2026-08-09 11:32:16,956 - core.inference_worker - INFO - Starting inference processing...
2026-08-09 11:32:16,995 - core.inference_worker - INFO - Inference completed successfully
2026-08-09 11:32:17,051 - core.inference_worker - INFO - Starting inference processing...
2026-08-09 11:32:17,092 - core.inference_worker - INFO - Inference completed successfully
2026-08-09 11:32:17,147 - core.inference_worker - INFO - Starting inference processing...
2026-08-09 11:32:17,188 - core.inference_worker - INFO - Inference completed successfully
2026-08-09 11:32:17,244 - core.inference_worker - INFO - Starting inference processing...
2026-08-09 11:32:17,284 - core.inference_worker - INFO - Inference completed successfully
2026-08-09 11:32:17,355 - core.inference_worker - INFO - Starting inference processing...
2026-08-09 11:32:17,396 - core.inference_worker - INFO - Inference completed successfully
2026-08-09 11:32:17,451 - core.inference_worker - INFO - Starting inference processing...
2026-08-09 11:32:17,495 - core.inference_worker - INFO - Inference completed successfully
2026-08-09 11:32:17,548 - core.inference_worker - INFO - Starting inference processing...
2026-08-09 11:32:17,591 - core.inference_worker - INFO - Inference completed successfully
2026-08-09 11:32:17,643 - core.inference_worker - INFO - Starting inference processing...
2026-08-09 11:32:17,691 - core.inference_worker - INFO - Inference completed successfully
2026-08-09 11:32:17,756 - core.inference_worker - INFO - Starting inference processing...
2026-08-09 11:32:17,789 - core.inference_worker - INFO - Inference completed successfully
2026-08-09 11:32:17,851 - core.inference_worker - INFO - Starting inference processing...
2026-08-09 11:32:17,891 - core.inference_worker - INFO - Inference completed successfully
2026-08-09 11:32:18,043 - core.inference_worker - INFO - Starting inference processing...
2026-08-09 11:32:18,082 - core.inference_worker - INFO - Inference completed successfully
2026-08-09 11:32:18,084 - core.inference_worker - INFO - Starting inference processing...
2026-08-09 11:32:18,120 - core.inference_worker - INFO - Inference completed successfully
2026-08-09 11:32:18,157 - core.inference_worker - INFO - Starting inference processing...
2026-08-09 11:32:18,197 - core.inference_worker - INFO - Inference completed successfully
2026-08-09 11:32:18,250 - core.inference_worker - INFO - Starting inference processing...
2026-08-09 11:32:18,295 - core.inference_worker - INFO - Inference completed successfully
2026-08-09 11:32:18,349 - core.inference_worker - INFO - Starting inference processing...
2026-08-09 11:32:18,392 - core.inference_worker - INFO - Inference completed successfully
2026-08-09 11:32:18,554 - core.inference_worker - INFO - Starting inference processing...
2026-08-09 11:32:18,590 - core.inference_worker - INFO - Inference completed successfully
2026-08-09 11:32:18,592 - core.inference_worker - INFO - Starting inference processing...
2026-08-09 11:32:18,630 - core.inference_worker - INFO - Inference completed successfully
2026-08-09 11:32:18,653 - core.inference_worker - INFO - Starting inference processing...
2026-08-09 11:32:18,696 - core.inference_worker - INFO - Inference completed successfully
2026-08-09 11:32:18,747 - core.inference_worker - INFO - Starting inference processing...
2026-08-09 11:32:18,786 - core.inference_worker - INFO - Inference completed successfully
2026-08-09 11:32:18,844 - core.inference_worker - INFO - Starting inference processing...
2026-08-09 11:32:18,882 - core.inference_worker - INFO - Inference completed successfully
2026-08-09 11:32:18,955 - core.inference_worker - INFO - Starting inference processing...
2026-08-09 11:32:19,001 - core.inference_worker - INFO - Inference completed successfully
2026-08-09 11:32:19,052 - core.inference_worker - INFO - Starting inference processing...
2026-08-09 11:32:19,089 - core.inference_worker - INFO - Inference completed successfully
2026-08-09 11:32:19,148 - core.inference_worker - INFO - Starting inference processing...
2026-08-09 11:32:19,185 - core.inference_worker - INFO - Inference completed successfully
2026-08-09 11:32:19,353 - core.inference_worker - INFO - Starting inference processing...
2026-08-09 11:32:19,394 - core.inference_worker - INFO - Inference completed successfully
2026-08-09 11:32:19,396 - core.inference_worker - INFO - Starting inference processing...
2026-08-09 11:32:19,435 - core.inference_worker - INFO - Inference completed successfully
2026-08-09 11:32:19,452 - core.inference_worker - INFO - Starting inference processing...
2026-08-09 11:32:19,490 - core.inference_worker - INFO - Inference completed successfully
2026-08-09 11:32:19,547 - core.inference_worker - INFO - Starting inference processing...
2026-08-09 11:32:19,588 - core.inference_worker - INFO - Inference completed successfully
2026-08-09 11:32:19,644 - core.inference_worker - INFO - Starting inference processing...
2026-08-09 11:32:19,684 - core.inference_worker - INFO - Inference completed successfully
2026-08-09 11:32:19,755 - core.inference_worker - INFO - Starting inference processing...
2026-08-09 11:32:19,797 - core.inference_worker - INFO - Inference completed successfully
2026-08-09 11:32:19,851 - core.inference_worker - INFO - Starting inference processing...
2026-08-09 11:32:19,893 - core.inference_worker - INFO - Inference completed successfully
2026-08-09 11:32:19,948 - core.inference_worker - INFO - Starting inference processing...
2026-08-09 11:32:19,986 - core.inference_worker - INFO - Inference completed successfully
2026-08-09 11:32:20,042 - core.inference_worker - INFO - Starting inference processing...
2026-08-09 11:32:20,084 - core.inference_worker - INFO - Inference completed successfully
2026-08-09 11:32:20,158 - core.inference_worker - INFO - Starting inference processing...
2026-08-09 11:32:20,198 - core.inference_worker - INFO - Inference completed successfully
2026-08-09 11:32:20,250 - core.inference_worker - INFO - Starting inference processing...
2026-08-09 11:32:20,292 - core.inference_worker - INFO - Inference completed successfully
2026-08-09 11:32:20,347 - core.inference_worker - INFO - Starting inference processing...
2026-08-09 11:32:20,389 - core.inference_worker - INFO - Inference completed successfully
2026-08-09 11:32:20,444 - core.inference_worker - INFO - Starting inference processing...
2026-08-09 11:32:20,482 - core.inference_worker - INFO - Inference completed successfully
2026-08-09 11:32:20,555 - core.inference_worker - INFO - Starting inference processing...
2026-08-09 11:32:20,597 - core.inference_worker - INFO - Inference completed successfully
2026-08-09 11:32:20,749 - core.inference_worker - INFO - Starting inference processing...
2026-08-09 11:32:20,793 - core.inference_worker - INFO - Inference completed successfully
2026-08-09 11:32:20,841 - core.inference_worker - INFO - Starting inference processing...
2026-08-09 11:32:20,885 - core.inference_worker - INFO - Inference completed successfully
2026-08-09 11:32:20,886 - core.inference_worker - INFO - Starting inference processing...
2026-08-09 11:32:20,924 - core.inference_worker - INFO - Inference completed successfully
2026-08-09 11:32:20,956 - core.inference_worker - INFO - Starting inference processing...
2026-08-09 11:32:20,993 - core.inference_worker - INFO - Inference completed successfully
2026-08-09 11:32:21,051 - core.inference_worker - INFO - Starting inference processing...
2026-08-09 11:32:21,098 - core.inference_worker - INFO - Inference completed successfully
2026-08-09 11:32:21,148 - core.inference_worker - INFO - Starting inference processing...
2026-08-09 11:32:21,184 - core.inference_worker - INFO - Inference completed successfully
2026-08-09 11:32:21,243 - core.inference_worker - INFO - Starting inference processing...
2026-08-09 11:32:21,283 - core.inference_worker - INFO - Inference completed successfully
2026-08-09 11:32:21,355 - core.inference_worker - INFO - Starting inference processing...
2026-08-09 11:32:21,397 - core.inference_worker - INFO - Inference completed successfully
2026-08-09 11:32:21,452 - core.inference_worker - INFO - Starting inference processing...
2026-08-09 11:32:21,493 - core.inference_worker - INFO - Inference completed successfully
2026-08-09 11:32:21,548 - core.inference_worker - INFO - Starting inference processing...
2026-08-09 11:32:21,591 - core.inference_worker - INFO - Inference completed successfully
2026-08-09 11:32:21,644 - core.inference_worker - INFO - Starting inference processing...
2026-08-09 11:32:21,680 - core.inference_worker - INFO - Inference completed successfully
2026-08-09 11:32:21,755 - core.inference_worker - INFO - Starting inference processing...
2026-08-09 11:32:21,789 - core.inference_worker - INFO - Inference completed successfully
2026-08-09 11:32:21,851 - core.inference_worker - INFO - Starting inference processing...
2026-08-09 11:32:21,887 - core.inference_worker - INFO - Inference completed successfully
2026-08-09 11:32:22,043 - core.inference_worker - INFO - Starting inference processing...
2026-08-09 11:32:22,082 - core.inference_worker - INFO - Inference completed successfully
2026-08-09 11:32:22,152 - core.inference_worker - INFO - Starting inference processing...
2026-08-09 11:32:22,195 - core.inference_worker - INFO - Inference completed successfully
2026-08-09 11:32:22,196 - core.inference_worker - INFO - Starting inference processing...
2026-08-09 11:32:22,235 - core.inference_worker - INFO - Inference completed successfully
2026-08-09 11:32:22,252 - core.inference_worker - INFO - Starting inference processing...
2026-08-09 11:32:22,291 - core.inference_worker - INFO - Inference completed successfully
2026-08-09 11:32:22,347 - core.inference_worker - INFO - Starting inference processing...
2026-08-09 11:32:22,390 - core.inference_worker - INFO - Inference completed successfully
2026-08-09 11:32:22,443 - core.inference_worker - INFO - Starting inference processing...
2026-08-09 11:32:22,482 - core.inference_worker - INFO - Inference completed successfully
2026-08-09 11:32:22,556 - core.inference_worker - INFO - Starting inference processing...
2026-08-09 11:32:22,595 - core.inference_worker - INFO - Inference completed successfully
2026-08-09 11:32:22,650 - core.inference_worker - INFO - Starting inference processing...
2026-08-09 11:32:22,691 - core.inference_worker - INFO - Inference completed successfully
2026-08-09 11:32:22,843 - core.inference_worker - INFO - Starting inference processing...
2026-08-09 11:32:22,883 - core.inference_worker - INFO - Inference completed successfully
2026-08-09 11:32:22,952 - core.inference_worker - INFO - Starting inference processing...
2026-08-09 11:32:23,000 - core.inference_worker - INFO - Inference completed successfully
2026-08-09 11:32:23,002 - core.inference_worker - INFO - Starting inference processing...
2026-08-09 11:32:23,045 - core.inference_worker - INFO - Inference completed successfully
2026-08-09 11:32:23,051 - core.inference_worker - INFO - Starting inference processing...
2026-08-09 11:32:23,093 - core.inference_worker - INFO - Inference completed successfully
2026-08-09 11:32:23,147 - core.inference_worker - INFO - Starting inference processing...
2026-08-09 11:32:23,179 - core.inference_worker - INFO - Inference completed successfully
2026-08-09 11:32:23,244 - core.inference_worker - INFO - Starting inference processing...
2026-08-09 11:32:23,275 - core.inference_worker - INFO - Inference completed successfully
2026-08-09 11:32:23,357 - core.inference_worker - INFO - Starting inference processing...
2026-08-09 11:32:23,395 - core.inference_worker - INFO - Inference completed successfully
2026-08-09 11:32:23,451 - core.inference_worker - INFO - Starting inference processing...
2026-08-09 11:32:23,489 - core.inference_worker - INFO - Inference completed successfully
2026-08-09 11:32:23,546 - core.inference_worker - INFO - Starting inference processing...
2026-08-09 11:32:23,586 - core.inference_worker - INFO - Inference completed successfully
2026-08-09 11:32:23,644 - core.inference_worker - INFO - Starting inference processing...
2026-08-09 11:32:23,680 - core.inference_worker - INFO - Inference completed successfully
2026-08-09 11:32:23,755 - core.inference_worker - INFO - Starting inference processing...
2026-08-09 11:32:23,793 - core.inference_worker - INFO - Inference completed successfully
2026-08-09 11:32:23,850 - core.inference_worker - INFO - Starting inference processing...
2026-08-09 11:32:23,888 - core.inference_worker - INFO - Inference completed successfully
2026-08-09 11:32:23,948 - core.inference_worker - INFO - Starting inference processing...
2026-08-09 11:32:23,982 - core.inference_worker - INFO - Inference completed successfully
2026-08-09 11:32:24,042 - core.inference_worker - INFO - Starting inference processing...
2026-08-09 11:32:24,074 - core.inference_worker - INFO - Inference completed successfully
2026-08-09 11:32:24,156 - core.inference_worker - INFO - Starting inference processing...
2026-08-09 11:32:24,193 - core.inference_worker - INFO - Inference completed successfully
2026-08-09 11:32:24,252 - core.inference_worker - INFO - Starting inference processing...
2026-08-09 11:32:24,281 - core.inference_worker - INFO - Inference completed successfully
2026-08-09 11:32:24,346 - core.inference_worker - INFO - Starting inference processing...
2026-08-09 11:32:24,375 - core.inference_worker - INFO - Inference completed successfully
2026-08-09 11:32:24,444 - core.inference_worker - INFO - Starting inference processing...
2026-08-09 11:32:24,475 - core.inference_worker - INFO - Inference completed successfully
2026-08-09 11:32:24,555 - core.inference_worker - INFO - Starting inference processing...
2026-08-09 11:32:24,589 - core.inference_worker - INFO - Inference completed successfully
2026-08-09 11:32:24,651 - core.inference_worker - INFO - Starting inference processing...
2026-08-09 11:32:24,684 - core.inference_worker - INFO - Inference completed successfully
2026-08-09 11:32:24,747 - core.inference_worker - INFO - Starting inference processing...
2026-08-09 11:32:24,777 - core.inference_worker - INFO - Inference completed successfully
2026-08-09 11:32:24,843 - core.inference_worker - INFO - Starting inference processing...
2026-08-09 11:32:24,872 - core.inference_worker - INFO - Inference completed successfully
2026-08-09 11:32:25,048 - core.inference_worker - INFO - Starting inference processing...
2026-08-09 11:32:25,082 - core.inference_worker - INFO - Inference completed successfully
2026-08-09 11:32:25,085 - core.inference_worker - INFO - Starting inference processing...
2026-08-09 11:32:25,118 - core.inference_worker - INFO - Inference completed successfully
2026-08-09 11:32:25,150 - core.inference_worker - INFO - Starting inference processing...
2026-08-09 11:32:25,176 - core.inference_worker - INFO - Inference completed successfully
2026-08-09 11:32:25,244 - core.inference_worker - INFO - Starting inference processing...
2026-08-09 11:32:25,267 - core.inference_worker - INFO - Inference completed successfully
2026-08-09 11:32:25,340 - core.inference_worker - INFO - Starting inference processing...
2026-08-09 11:32:25,366 - core.inference_worker - INFO - Inference completed successfully
2026-08-09 11:32:25,451 - core.inference_worker - INFO - Starting inference processing...
2026-08-09 11:32:25,485 - core.inference_worker - INFO - Inference completed successfully
2026-08-09 11:32:25,551 - core.inference_worker - INFO - Starting inference processing...
2026-08-09 11:32:25,580 - core.inference_worker - INFO - Inference completed successfully
2026-08-09 11:32:25,643 - core.inference_worker - INFO - Starting inference processing...
2026-08-09 11:32:25,674 - core.inference_worker - INFO - Inference completed successfully
2026-08-09 11:32:25,739 - core.inference_worker - INFO - Starting inference processing...
2026-08-09 11:32:25,773 - core.inference_worker - INFO - Inference completed successfully
2026-08-09 11:32:25,850 - core.inference_worker - INFO - Starting inference processing...
2026-08-09 11:32:25,883 - core.inference_worker - INFO - Inference completed successfully
2026-08-09 11:32:25,946 - core.inference_worker - INFO - Starting inference processing...
2026-08-09 11:32:25,978 - core.inference_worker - INFO - Inference completed successfully
2026-08-09 11:32:26,043 - core.inference_worker - INFO - Starting inference processing...
2026-08-09 11:32:26,077 - core.inference_worker - INFO - Inference completed successfully
2026-08-09 11:32:26,139 - core.inference_worker - INFO - Starting inference processing...
2026-08-09 11:32:26,172 - core.inference_worker - INFO - Inference completed successfully
2026-08-09 11:32:26,251 - core.inference_worker - INFO - Starting inference processing...
2026-08-09 11:32:26,285 - core.inference_worker - INFO - Inference completed successfully
2026-08-09 11:32:26,348 - core.inference_worker - INFO - Starting inference processing...
2026-08-09 11:32:26,377 - core.inference_worker - INFO - Inference completed successfully
2026-08-09 11:32:26,443 - core.inference_worker - INFO - Starting inference processing...
2026-08-09 11:32:26,464 - core.inference_worker - INFO - Inference completed successfully
2026-08-09 11:45:36,916 - core.detector - INFO - Loading model from runs/detect/exp1/weights/best_openvino_model/best.xml
2026-08-09 11:45:36,937 - core.detector - ERROR - Model loading error: Exception from src\inference\src\cpp\core.cpp:90:
Check 'util::directory_exists(path) || util::file_exists(path)' failed at src\frontends\common\src\frontend.cpp:117:
FrontEnd API failed with GeneralFailure:
ir: Could not open the file: "runs/detect/exp1/weights/best_openvino_model/best.xml"


